// Jest Snapshot v1, https://goo.gl/fbAQLP

exports[`matches its snapshot 1`] = `
<body>
  <div>
    <h1
      class="forms"
    >
      React - Forms
    </h1>
  </div>
</body>
`;
